src/App.tsx(2685,10): error TS17008: JSX element 'div' has no corresponding closing tag.
src/App.tsx(2694,14): error TS17008: JSX element 'AnimatePresence' has no corresponding closing tag.
src/App.tsx(3012,8): error TS1381: Unexpected token. Did you mean `{'}'}` or `&rbrace;`?
src/App.tsx(3024,13): error TS1005: ';' expected.
src/App.tsx(3034,9): error TS1128: Declaration or statement expected.
src/App.tsx(3037,14): error TS1005: ';' expected.
src/App.tsx(3038,11): error TS2657: JSX expressions must have one parent element.
src/App.tsx(3057,9): error TS1128: Declaration or statement expected.
src/App.tsx(3058,7): error TS1109: Expression expected.
src/App.tsx(3347,5): error TS1128: Declaration or statement expected.
src/App.tsx(3348,3): error TS1109: Expression expected.
src/App.tsx(3349,1): error TS1128: Declaration or statement expected.
src/features/match-setup/components/CreateMatchMenu.tsx(331,3): error TS1109: Expression expected.
src/features/match-setup/components/CreateMatchMenu.tsx(332,5): error TS2657: JSX expressions must have one parent element.
src/features/match-setup/components/CreateMatchMenu.tsx(500,10): error TS1136: Property assignment expected.
src/features/match-setup/components/CreateMatchMenu.tsx(500,11): error TS1005: ')' expected.
src/features/match-setup/components/CreateMatchMenu.tsx(528,10): error TS1381: Unexpected token. Did you mean `{'}'}` or `&rbrace;`?
src/features/match-setup/components/CreateMatchMenu.tsx(541,10): error TS17008: JSX element 'div' has no corresponding closing tag.
src/features/match-setup/components/CreateMatchMenu.tsx(832,21): error TS1005: ')' expected.
src/features/match-setup/components/CreateMatchMenu.tsx(835,17): error TS1381: Unexpected token. Did you mean `{'}'}` or `&rbrace;`?
src/features/match-setup/components/CreateMatchMenu.tsx(836,15): error TS17002: Expected corresponding JSX closing tag for 'div'.
src/features/match-setup/components/CreateMatchMenu.tsx(848,11): error TS1005: ')' expected.
src/features/match-setup/components/CreateMatchMenu.tsx(944,9): error TS1128: Declaration or statement expected.
src/features/match-setup/components/CreateMatchMenu.tsx(945,7): error TS1109: Expression expected.
src/features/match-setup/components/CreateMatchMenu.tsx(946,5): error TS1109: Expression expected.
src/features/match-setup/components/CreateMatchMenu.tsx(947,3): error TS1109: Expression expected.
